#general
--filter-udp=19294-19344,50000-50100
--filter-l7=discord,stun
--dpi-desync=fake
--dpi-desync-fake-discord=/opt/zapret/files/fake/quic_initial_steamcommunity_com.bin
--dpi-desync-fake-stun=/opt/zapret/files/fake/quic_initial_steamcommunity_com.bin
--dpi-desync-repeats=6
--new
--filter-tcp=2053,2083,2087,2096,8443
--hostlist-domains=discord.media
--dpi-desync=multisplit
--dpi-desync-split-seqovl=681
--dpi-desync-split-pos=1
--dpi-desync-split-seqovl-pattern=/opt/zapret/files/fake/tls_clienthello_www_google_com.bin
--new
--filter-tcp=443
--hostlist=/opt/zapret/ipset/zapret-hosts-google.txt
--ip-id=zero
--dpi-desync=multisplit
--dpi-desync-split-seqovl=681
--dpi-desync-split-pos=1
--dpi-desync-split-seqovl-pattern=/opt/zapret/files/fake/tls_clienthello_www_google_com.bin
--new
--filter-tcp=80,443
--hostlist-exclude=/opt/zapret/ipset/zapret-hosts-user-exclude.txt
--dpi-desync=multisplit
--dpi-desync-split-seqovl=568
--dpi-desync-split-pos=1
--dpi-desync-split-seqovl-pattern=/opt/zapret/files/fake/4pda.bin
--new
--filter-tcp=2802,2302,2502,3478-3480,3724,6000-8000,8085,8090,8100,8903,8904,25565,27015-27030,27036-27037,50001,60442
--dpi-desync=multisplit
--dpi-desync-any-protocol=1
--dpi-desync-cutoff=n3
--dpi-desync-split-seqovl=568
--dpi-desync-split-pos=1
--dpi-desync-split-seqovl-pattern=/opt/zapret/files/fake/4pda.bin
--new
--filter-udp=88,1024-2407,2409-4499,4502-19293,19345-49999,50101-65535
--dpi-desync=fake
--dpi-desync-repeats=12
--dpi-desync-any-protocol=1
--dpi-desync-fake-unknown-udp=/opt/zapret/files/fake/quic_initial_4pda_to.bin
--dpi-desync-cutoff=n2
